Analysis & Synthesis report for MaterialTowerCPLD
Wed Apr 18 15:49:01 2018
Quartus II 64-Bit Version 14.1.0 Build 186 12/03/2014 SJ Full Version


---------------------
; Table of Contents ;
---------------------
  1. Legal Notice
  2. Analysis & Synthesis Summary
  3. Analysis & Synthesis Settings
  4. Parallel Compilation
  5. Analysis & Synthesis Source Files Read
  6. Analysis & Synthesis Resource Usage Summary
  7. Analysis & Synthesis Resource Utilization by Entity
  8. General Register Statistics
  9. Inverted Register Statistics
 10. Multiplexer Restructuring Statistics (Restructuring Performed)
 11. Parameter Settings for User Entity Instance: Top-level Entity: |IO_SPACE
 12. Analysis & Synthesis Messages



----------------
; Legal Notice ;
----------------
Copyright (C) 1991-2014 Altera Corporation. All rights reserved.
Your use of Altera Corporation's design tools, logic functions 
and other software and tools, and its AMPP partner logic 
functions, and any output files from any of the foregoing 
(including device programming or simulation files), and any 
associated documentation or information are expressly subject 
to the terms and conditions of the Altera Program License 
Subscription Agreement, the Altera Quartus II License Agreement,
the Altera MegaCore Function License Agreement, or other 
applicable license agreement, including, without limitation, 
that your use is for the sole purpose of programming logic 
devices manufactured by Altera and sold by Altera or its 
authorized distributors.  Please refer to the applicable 
agreement for further details.



+---------------------------------------------------------------------------+
; Analysis & Synthesis Summary                                              ;
+-----------------------------+---------------------------------------------+
; Analysis & Synthesis Status ; Successful - Wed Apr 18 15:46:17 2018       ;
; Quartus II 64-Bit Version   ; 14.1.0 Build 186 12/03/2014 SJ Full Version ;
; Revision Name               ; MaterialTowerCPLD                           ;
; Top-level Entity Name       ; IO_SPACE                                    ;
; Family                      ; MAX V                                       ;
; Total logic elements        ; 397                                         ;
; Total pins                  ; 255                                         ;
; Total virtual pins          ; 0                                           ;
; UFM blocks                  ; 0 / 1 ( 0 % )                               ;
+-----------------------------+---------------------------------------------+


+----------------------------------------------------------------------------------------------------------------------+
; Analysis & Synthesis Settings                                                                                        ;
+----------------------------------------------------------------------------+--------------------+--------------------+
; Option                                                                     ; Setting            ; Default Value      ;
+----------------------------------------------------------------------------+--------------------+--------------------+
; Device                                                                     ; 5M1270ZT144C5      ;                    ;
; Top-level entity name                                                      ; IO_SPACE           ; MaterialTowerCPLD  ;
; Family name                                                                ; MAX V              ; Cyclone IV GX      ;
; Use smart compilation                                                      ; Off                ; Off                ;
; Enable parallel Assembler and TimeQuest Timing Analyzer during compilation ; On                 ; On                 ;
; Enable compact report table                                                ; Off                ; Off                ;
; Restructure Multiplexers                                                   ; Auto               ; Auto               ;
; Create Debugging Nodes for IP Cores                                        ; Off                ; Off                ;
; Preserve fewer node names                                                  ; On                 ; On                 ;
; Disable OpenCore Plus hardware evaluation                                  ; Off                ; Off                ;
; Verilog Version                                                            ; Verilog_2001       ; Verilog_2001       ;
; VHDL Version                                                               ; VHDL_1993          ; VHDL_1993          ;
; State Machine Processing                                                   ; Auto               ; Auto               ;
; Safe State Machine                                                         ; Off                ; Off                ;
; Extract Verilog State Machines                                             ; On                 ; On                 ;
; Extract VHDL State Machines                                                ; On                 ; On                 ;
; Ignore Verilog initial constructs                                          ; Off                ; Off                ;
; Iteration limit for constant Verilog loops                                 ; 5000               ; 5000               ;
; Iteration limit for non-constant Verilog loops                             ; 250                ; 250                ;
; Add Pass-Through Logic to Inferred RAMs                                    ; On                 ; On                 ;
; Infer RAMs from Raw Logic                                                  ; On                 ; On                 ;
; Parallel Synthesis                                                         ; On                 ; On                 ;
; NOT Gate Push-Back                                                         ; On                 ; On                 ;
; Power-Up Don't Care                                                        ; On                 ; On                 ;
; Remove Redundant Logic Cells                                               ; Off                ; Off                ;
; Remove Duplicate Registers                                                 ; On                 ; On                 ;
; Ignore CARRY Buffers                                                       ; Off                ; Off                ;
; Ignore CASCADE Buffers                                                     ; Off                ; Off                ;
; Ignore GLOBAL Buffers                                                      ; Off                ; Off                ;
; Ignore ROW GLOBAL Buffers                                                  ; Off                ; Off                ;
; Ignore LCELL Buffers                                                       ; Off                ; Off                ;
; Ignore SOFT Buffers                                                        ; On                 ; On                 ;
; Limit AHDL Integers to 32 Bits                                             ; Off                ; Off                ;
; Optimization Technique                                                     ; Balanced           ; Balanced           ;
; Carry Chain Length                                                         ; 70                 ; 70                 ;
; Auto Carry Chains                                                          ; On                 ; On                 ;
; Auto Open-Drain Pins                                                       ; On                 ; On                 ;
; Perform WYSIWYG Primitive Resynthesis                                      ; Off                ; Off                ;
; Auto Shift Register Replacement                                            ; Auto               ; Auto               ;
; Allow Shift Register Merging across Hierarchies                            ; Auto               ; Auto               ;
; Auto Clock Enable Replacement                                              ; On                 ; On                 ;
; Allow Synchronous Control Signals                                          ; On                 ; On                 ;
; Force Use of Synchronous Clear Signals                                     ; Off                ; Off                ;
; Auto Resource Sharing                                                      ; Off                ; Off                ;
; Use LogicLock Constraints during Resource Balancing                        ; On                 ; On                 ;
; Ignore translate_off and synthesis_off directives                          ; Off                ; Off                ;
; Report Parameter Settings                                                  ; On                 ; On                 ;
; Report Source Assignments                                                  ; On                 ; On                 ;
; Report Connectivity Checks                                                 ; On                 ; On                 ;
; Ignore Maximum Fan-Out Assignments                                         ; Off                ; Off                ;
; Synchronization Register Chain Length                                      ; 2                  ; 2                  ;
; PowerPlay Power Optimization During Synthesis                              ; Normal compilation ; Normal compilation ;
; HDL message level                                                          ; Level2             ; Level2             ;
; Suppress Register Optimization Related Messages                            ; Off                ; Off                ;
; Number of Removed Registers Reported in Synthesis Report                   ; 5000               ; 5000               ;
; Number of Swept Nodes Reported in Synthesis Report                         ; 5000               ; 5000               ;
; Number of Inverted Registers Reported in Synthesis Report                  ; 100                ; 100                ;
; Clock MUX Protection                                                       ; On                 ; On                 ;
; Block Design Naming                                                        ; Auto               ; Auto               ;
; Synthesis Effort                                                           ; Auto               ; Auto               ;
; Shift Register Replacement - Allow Asynchronous Clear Signal               ; On                 ; On                 ;
; Analysis & Synthesis Message Level                                         ; Medium             ; Medium             ;
; Disable Register Merging Across Hierarchies                                ; Auto               ; Auto               ;
; Synthesis Seed                                                             ; 1                  ; 1                  ;
+----------------------------------------------------------------------------+--------------------+--------------------+


+------------------------------------------+
; Parallel Compilation                     ;
+----------------------------+-------------+
; Processors                 ; Number      ;
+----------------------------+-------------+
; Number detected on machine ; 4           ;
; Maximum allowed            ; 2           ;
;                            ;             ;
; Average used               ; 1.00        ;
; Maximum used               ; 1           ;
;                            ;             ;
; Usage by Processor         ; % Time Used ;
;     Processor 1            ; 100.0%      ;
;     Processors 2-4         ;   0.0%      ;
+----------------------------+-------------+


+-------------------------------------------------------------------------------------------------------------------------------+
; Analysis & Synthesis Source Files Read                                                                                        ;
+----------------------------------+-----------------+-----------------+----------------------------------------------+---------+
; File Name with User-Entered Path ; Used in Netlist ; File Type       ; File Name with Absolute Path                 ; Library ;
+----------------------------------+-----------------+-----------------+----------------------------------------------+---------+
; IO_SPACE.vhd                     ; yes             ; User VHDL File  ; C:/Projects/Quartus/MT_CPLD_GIT/IO_SPACE.vhd ;         ;
+----------------------------------+-----------------+-----------------+----------------------------------------------+---------+


+----------------------------------------------------------+
; Analysis & Synthesis Resource Usage Summary              ;
+---------------------------------------------+------------+
; Resource                                    ; Usage      ;
+---------------------------------------------+------------+
; Total logic elements                        ; 397        ;
;     -- Combinational with no register       ; 193        ;
;     -- Register only                        ; 180        ;
;     -- Combinational with a register        ; 24         ;
;                                             ;            ;
; Logic element usage by number of LUT inputs ;            ;
;     -- 4 input functions                    ; 146        ;
;     -- 3 input functions                    ; 33         ;
;     -- 2 input functions                    ; 30         ;
;     -- 1 input functions                    ; 8          ;
;     -- 0 input functions                    ; 0          ;
;                                             ;            ;
; Logic elements by mode                      ;            ;
;     -- normal mode                          ; 397        ;
;     -- arithmetic mode                      ; 0          ;
;     -- qfbk mode                            ; 0          ;
;     -- register cascade mode                ; 0          ;
;     -- synchronous clear/load mode          ; 0          ;
;     -- asynchronous clear/load mode         ; 131        ;
;                                             ;            ;
; Total registers                             ; 204        ;
; I/O pins                                    ; 255        ;
; Maximum fan-out node                        ; sEBU_EVENT ;
; Maximum fan-out                             ; 204        ;
; Total fan-out                               ; 1601       ;
; Average fan-out                             ; 2.46       ;
+---------------------------------------------+------------+


+----------------------------------------------------------------------------------------------------------------------------------------------------------------------------------------------------------------------+
; Analysis & Synthesis Resource Utilization by Entity                                                                                                                                                                  ;
+----------------------------+-------------+--------------+------------+------+--------------+--------------+-------------------+------------------+-----------------+------------+---------------------+--------------+
; Compilation Hierarchy Node ; Logic Cells ; LC Registers ; UFM Blocks ; Pins ; Virtual Pins ; LUT-Only LCs ; Register-Only LCs ; LUT/Register LCs ; Carry Chain LCs ; Packed LCs ; Full Hierarchy Name ; Library Name ;
+----------------------------+-------------+--------------+------------+------+--------------+--------------+-------------------+------------------+-----------------+------------+---------------------+--------------+
; |IO_SPACE                  ; 397 (397)   ; 204          ; 0          ; 255  ; 0            ; 193 (193)    ; 180 (180)         ; 24 (24)          ; 0 (0)           ; 0 (0)      ; |IO_SPACE           ; work         ;
+----------------------------+-------------+--------------+------------+------+--------------+--------------+-------------------+------------------+-----------------+------------+---------------------+--------------+
Note: For table entries with two numbers listed, the numbers in parentheses indicate the number of resources of the given type used by the specific entity alone. The numbers listed outside of parentheses indicate the total resources of the given type used by the specific entity and all of its sub-entities in the hierarchy.


+------------------------------------------------------+
; General Register Statistics                          ;
+----------------------------------------------+-------+
; Statistic                                    ; Value ;
+----------------------------------------------+-------+
; Total registers                              ; 204   ;
; Number of registers using Synchronous Clear  ; 0     ;
; Number of registers using Synchronous Load   ; 0     ;
; Number of registers using Asynchronous Clear ; 116   ;
; Number of registers using Asynchronous Load  ; 15    ;
; Number of registers using Clock Enable       ; 196   ;
; Number of registers using Preset             ; 0     ;
+----------------------------------------------+-------+


+--------------------------------------------------+
; Inverted Register Statistics                     ;
+----------------------------------------+---------+
; Inverted Register                      ; Fan out ;
+----------------------------------------+---------+
; sSeg_LED[0]                            ; 2       ;
; sSeg_LED[1]                            ; 2       ;
; sSeg_LED[2]                            ; 2       ;
; sSeg_LED[3]                            ; 2       ;
; sSeg_LED[4]                            ; 2       ;
; sSeg_LED[5]                            ; 2       ;
; sSeg_LED[6]                            ; 2       ;
; sSeg_LED[7]                            ; 2       ;
; Total number of inverted registers = 8 ;         ;
+----------------------------------------+---------+


+-------------------------------------------------------------------------------------------------------------------------------------------+
; Multiplexer Restructuring Statistics (Restructuring Performed)                                                                            ;
+--------------------+-----------+---------------+----------------------+------------------------+------------+-----------------------------+
; Multiplexer Inputs ; Bus Width ; Baseline Area ; Area if Restructured ; Saving if Restructured ; Registered ; Example Multiplexer Output  ;
+--------------------+-----------+---------------+----------------------+------------------------+------------+-----------------------------+
; 256:1              ; 2 bits    ; 340 LEs       ; 38 LEs               ; 302 LEs                ; Yes        ; |IO_SPACE|IO_DAT_RD[7]~reg0 ;
; 256:1              ; 2 bits    ; 340 LEs       ; 38 LEs               ; 302 LEs                ; Yes        ; |IO_SPACE|IO_DAT_RD[4]~reg0 ;
; 256:1              ; 2 bits    ; 340 LEs       ; 34 LEs               ; 306 LEs                ; Yes        ; |IO_SPACE|IO_DAT_RD[2]~reg0 ;
+--------------------+-----------+---------------+----------------------+------------------------+------------+-----------------------------+


+--------------------------------------------------------------------------+
; Parameter Settings for User Entity Instance: Top-level Entity: |IO_SPACE ;
+----------------+----------+----------------------------------------------+
; Parameter Name ; Value    ; Type                                         ;
+----------------+----------+----------------------------------------------+
; BUS_WIDTH      ; 8        ; Signed Integer                               ;
; ENC_WIDTH      ; 32       ; Signed Integer                               ;
; FAN_WIDTH      ; 32       ; Signed Integer                               ;
; CPLD_VERSION   ; 00001101 ; Unsigned Binary                              ;
+----------------+----------+----------------------------------------------+
Note: In order to hide this table in the UI and the text report file, please set the "Show Parameter Settings in Synthesis Report" option in "Analysis and Synthesis Settings -> More Settings" to "Off".


+-------------------------------+
; Analysis & Synthesis Messages ;
+-------------------------------+
Info: *******************************************************************
Info: Running Quartus II 64-Bit Analysis & Synthesis
    Info: Version 14.1.0 Build 186 12/03/2014 SJ Full Version
    Info: Processing started: Wed Apr 18 15:46:01 2018
Info: Command: quartus_map --read_settings_files=on --write_settings_files=off MaterialTowerCPLD -c MaterialTowerCPLD
Info (11104): Parallel Compilation has detected 4 hyper-threaded processors. However, the extra hyper-threaded processors will not be used by default. Parallel Compilation will use 2 of the 2 physical processors detected instead.
Info (12021): Found 2 design units, including 1 entities, in source file materialtowercpld.vhd
    Info (12022): Found design unit 1: MaterialTowerCPLD-bdf_type
    Info (12023): Found entity 1: MaterialTowerCPLD
Info (12021): Found 2 design units, including 1 entities, in source file pwm_module.vhd
    Info (12022): Found design unit 1: PWM_Module-a_PWM_Module
    Info (12023): Found entity 1: PWM_Module
Info (12021): Found 2 design units, including 1 entities, in source file sram_io.vhd
    Info (12022): Found design unit 1: SRAM_IO-A_SRAM_IO
    Info (12023): Found entity 1: SRAM_IO
Info (12021): Found 2 design units, including 1 entities, in source file quaddectodirpulse.vhd
    Info (12022): Found design unit 1: QuadDecToDIRPulse-a_QuadDecToDIRPulse
    Info (12023): Found entity 1: QuadDecToDIRPulse
Info (12021): Found 2 design units, including 1 entities, in source file io_space.vhd
    Info (12022): Found design unit 1: IO_SPACE-A_IO_SPACE
    Info (12023): Found entity 1: IO_SPACE
Info (12021): Found 2 design units, including 1 entities, in source file system_reset.vhd
    Info (12022): Found design unit 1: System_reset-A_System_reset
    Info (12023): Found entity 1: System_reset
Info (12127): Elaborating entity "IO_SPACE" for the top level hierarchy
Warning (10540): VHDL Signal Declaration warning at IO_SPACE.vhd(67): used explicit default value for signal "oRDY_RD" because signal was never assigned a value
Warning (13024): Output pins are stuck at VCC or GND
    Warning (13410): Pin "oPin15_8[6]" is stuck at VCC
    Warning (13410): Pin "oRDY_RD" is stuck at GND
Info (18000): Registers with preset signals will power-up high
Warning (21074): Design contains 1 input pin(s) that do not drive logic
    Warning (15610): No output dependent on input pin "Clk"
Info (21057): Implemented 652 device resources after synthesis - the final resource count might be different
    Info (21058): Implemented 114 input pins
    Info (21059): Implemented 141 output pins
    Info (21061): Implemented 397 logic cells
Info: Quartus II 64-Bit Analysis & Synthesis was successful. 0 errors, 6 warnings
    Info: Peak virtual memory: 682 megabytes
    Info: Processing ended: Wed Apr 18 15:46:17 2018
    Info: Elapsed time: 00:00:16
    Info: Total CPU time (on all processors): 00:00:33


